C:\projects\MIG\MIG_26Sept2025K\MIG1\Logical\Global.typ
C:\projects\MIG\MIG_26Sept2025K\MIG1\Logical\Global.var
C:\projects\MIG\MIG_26Sept2025K\MIG1\Logical\Libraries\operator\operator.fun
C:\projects\MIG\MIG_26Sept2025K\MIG1\Logical\Libraries\operator\operator.typ
C:\projects\MIG\MIG_26Sept2025K\MIG1\Logical\Libraries\operator\operator.var
C:\projects\MIG\MIG_26Sept2025K\MIG1\Logical\Libraries\runtime\runtime.var
C:\projects\MIG\MIG_26Sept2025K\MIG1\Logical\Libraries\runtime\runtime.typ
C:\projects\MIG\MIG_26Sept2025K\MIG1\Logical\Libraries\runtime\runtime.fun
C:\projects\MIG\MIG_26Sept2025K\MIG1\Logical\Libraries\astime\astime.fun
C:\projects\MIG\MIG_26Sept2025K\MIG1\Logical\Libraries\astime\astime.typ
C:\projects\MIG\MIG_26Sept2025K\MIG1\Logical\Libraries\astime\astime.var
C:\projects\MIG\MIG_26Sept2025K\MIG1\Logical\Libraries\AsIecCon\AsIecCon.fun
C:\projects\MIG\MIG_26Sept2025K\MIG1\Logical\Libraries\AsIecCon\AsIecCon.typ
C:\projects\MIG\MIG_26Sept2025K\MIG1\Logical\Libraries\AsIecCon\AsIecCon.var
C:\projects\MIG\MIG_26Sept2025K\MIG1\Logical\Libraries\AsUDP\AsUDP.var
C:\projects\MIG\MIG_26Sept2025K\MIG1\Logical\Libraries\AsUDP\AsUDP.typ
C:\projects\MIG\MIG_26Sept2025K\MIG1\Logical\Libraries\AsUDP\AsUDP.fun
C:\projects\MIG\MIG_26Sept2025K\MIG1\Logical\Libraries\standard\standard.fun
C:\projects\MIG\MIG_26Sept2025K\MIG1\Logical\Libraries\standard\standard.typ
C:\projects\MIG\MIG_26Sept2025K\MIG1\Logical\Libraries\standard\standard.var
C:\projects\MIG\MIG_26Sept2025K\MIG1\Logical\Libraries\dvframe\dvframe.fun
C:\projects\MIG\MIG_26Sept2025K\MIG1\Logical\Libraries\dvframe\dvframe.typ
C:\projects\MIG\MIG_26Sept2025K\MIG1\Logical\Libraries\dvframe\dvframe.var
C:\projects\MIG\MIG_26Sept2025K\MIG1\Logical\Libraries\asstring\asstring.fun
C:\projects\MIG\MIG_26Sept2025K\MIG1\Logical\Libraries\AsTCP\AsTCP.fun
C:\projects\MIG\MIG_26Sept2025K\MIG1\Logical\Libraries\AsTCP\AsTCP.typ
C:\projects\MIG\MIG_26Sept2025K\MIG1\Logical\Libraries\AsTCP\AsTCP.var
C:\projects\MIG\MIG_26Sept2025K\MIG1\Logical\Libraries\AsHydCon\AsHydCon.fun
C:\projects\MIG\MIG_26Sept2025K\MIG1\Logical\Libraries\AsHydCon\AsHydCon.var
C:\projects\MIG\MIG_26Sept2025K\MIG1\Logical\Libraries\AsHydCon\AsHydCon.typ
C:\projects\MIG\MIG_26Sept2025K\MIG1\Logical\Libraries\sys_lib\sys_lib.var
C:\projects\MIG\MIG_26Sept2025K\MIG1\Logical\Libraries\sys_lib\sys_lib.typ
C:\projects\MIG\MIG_26Sept2025K\MIG1\Logical\Libraries\sys_lib\sys_lib.fun
C:\projects\MIG\MIG_26Sept2025K\MIG1\Logical\Libraries\brsystem\brsystem.var
C:\projects\MIG\MIG_26Sept2025K\MIG1\Logical\Libraries\brsystem\brsystem.fun
C:\projects\MIG\MIG_26Sept2025K\MIG1\Logical\Libraries\LoopConR\LoopConR.var
C:\projects\MIG\MIG_26Sept2025K\MIG1\Logical\Libraries\LoopConR\LoopConR.typ
C:\projects\MIG\MIG_26Sept2025K\MIG1\Logical\Libraries\LoopConR\LoopConR.fun
C:\projects\MIG\MIG_26Sept2025K\MIG1\Logical\Libraries\DataObj\DataObj.fun
C:\projects\MIG\MIG_26Sept2025K\MIG1\Logical\Libraries\DataObj\DataObj.typ
C:\projects\MIG\MIG_26Sept2025K\MIG1\Logical\Libraries\DataObj\DataObj.var
C:\projects\MIG\MIG_26Sept2025K\MIG1\Logical\Libraries\AsIOTime\AsIOTime.fun
C:\projects\MIG\MIG_26Sept2025K\MIG1\Logical\Libraries\AsIOTime\AsIOTime.typ
C:\projects\MIG\MIG_26Sept2025K\MIG1\Logical\Libraries\AsIOTime\AsIOTime.var
C:\projects\MIG\MIG_26Sept2025K\MIG1\Logical\Libraries\AsMbTCPS\AsMbTCPS.fun
C:\projects\MIG\MIG_26Sept2025K\MIG1\Logical\Libraries\AsMbTCPS\AsMbTCPS.typ
C:\projects\MIG\MIG_26Sept2025K\MIG1\Logical\Libraries\AsMbTCPS\AsMbTCPS.var
C:\projects\MIG\MIG_26Sept2025K\MIG1\Logical\Libraries\bglibas\bglibas.typ
C:\projects\MIG\MIG_26Sept2025K\MIG1\Logical\Libraries\bglibas\bglibas.var
C:\projects\MIG\MIG_26Sept2025K\MIG1\Logical\Libraries\bglibas\bglibas.fun
C:\projects\MIG\MIG_26Sept2025K\MIG1\Logical\Libraries\AsXml\AsXml.var
C:\projects\MIG\MIG_26Sept2025K\MIG1\Logical\Libraries\AsXml\AsXml.typ
C:\projects\MIG\MIG_26Sept2025K\MIG1\Logical\Libraries\AsXml\AsXml.fun
C:\projects\MIG\MIG_26Sept2025K\MIG1\Logical\Libraries\NcGlobal\NcGlobal.fun
C:\projects\MIG\MIG_26Sept2025K\MIG1\Logical\Libraries\NcGlobal\NcGlobal.typ
C:\projects\MIG\MIG_26Sept2025K\MIG1\Logical\Libraries\NcGlobal\NcGlobal.var
C:\projects\MIG\MIG_26Sept2025K\MIG1\Logical\Libraries\Acp10man\Acp10man.typ
C:\projects\MIG\MIG_26Sept2025K\MIG1\Logical\Libraries\Acp10par\Acp10par.var
C:\projects\MIG\MIG_26Sept2025K\MIG1\Logical\Libraries\AsMbTCP\AsMbTCP.fun
C:\projects\MIG\MIG_26Sept2025K\MIG1\Logical\Libraries\AsMbTCP\AsMbTCP.typ
C:\projects\MIG\MIG_26Sept2025K\MIG1\Logical\Libraries\AsMbTCP\AsMbTCP.var
C:\projects\MIG\MIG_26Sept2025K\MIG1\Logical\Libraries\AsSafety\AsSafety.fun
C:\projects\MIG\MIG_26Sept2025K\MIG1\Logical\Libraries\AsSafety\AsSafety.typ
C:\projects\MIG\MIG_26Sept2025K\MIG1\Logical\Libraries\AsSafety\AsSafety.var
C:\projects\MIG\MIG_26Sept2025K\MIG1\Logical\Libraries\FileIO\FileIO.fun
C:\projects\MIG\MIG_26Sept2025K\MIG1\Logical\Libraries\FileIO\FileIO.typ
C:\projects\MIG\MIG_26Sept2025K\MIG1\Logical\Libraries\FileIO\FileIO.var
C:\projects\MIG\MIG_26Sept2025K\MIG1\Logical\Libraries\FileUser\FileUser.fun
C:\projects\MIG\MIG_26Sept2025K\MIG1\Logical\Libraries\FileUser\FileUser.typ
C:\projects\MIG\MIG_26Sept2025K\MIG1\Logical\Libraries\FileUser\FileUser.var
C:\projects\MIG\MIG_26Sept2025K\MIG1\Logical\Libraries\XMLp_Lib\XMLp_Lib.fun
C:\projects\MIG\MIG_26Sept2025K\MIG1\Logical\Libraries\XMLp_Lib\XMLp_Lib.typ
C:\projects\MIG\MIG_26Sept2025K\MIG1\Logical\Libraries\XMLp_Lib\XMLp_Lib.var
C:\projects\MIG\MIG_26Sept2025K\MIG1\Logical\Libraries\ETHERNET\Ethernet.fun
C:\projects\MIG\MIG_26Sept2025K\MIG1\Logical\Libraries\ETHERNET\Ethernet.typ
C:\projects\MIG\MIG_26Sept2025K\MIG1\Logical\Libraries\ETHERNET\Ethernet.var
C:\projects\MIG\MIG_26Sept2025K\MIG1\Logical\Libraries\visapi\Visapi.typ
C:\projects\MIG\MIG_26Sept2025K\MIG1\Logical\Libraries\visapi\Visapi.fun
C:\projects\MIG\MIG_26Sept2025K\MIG1\Logical\Libraries\visapi\Visapi.var
C:\projects\MIG\MIG_26Sept2025K\MIG1\Temp\Objects\X20CP1685S\PLC1\UDP_Client\UDP_ClientGlobal.var
C:\projects\MIG\MIG_26Sept2025K\MIG1\Temp\Objects\X20CP1685S\PLC1\UDP_Client\UDP_ClientGlobal.typ
C:\projects\MIG\MIG_26Sept2025K\MIG1\Temp\Objects\X20CP1685S\PLC1\TML_srv\TML_srvGlobal.var
C:\projects\MIG\MIG_26Sept2025K\MIG1\Temp\Objects\X20CP1685S\PLC1\TML_srv\TML_srvGlobal.typ
C:\projects\MIG\MIG_26Sept2025K\MIG1\Temp\Objects\X20CP1685S\PLC1\ESAB\ESABGlobal.var
C:\projects\MIG\MIG_26Sept2025K\MIG1\Temp\Objects\X20CP1685S\PLC1\ESAB\ESABGlobal.typ
C:\projects\MIG\MIG_26Sept2025K\MIG1\Temp\Objects\X20CP1685S\PLC1\LincolnPS\LincolnPSGlobal.var
C:\projects\MIG\MIG_26Sept2025K\MIG1\Temp\Objects\X20CP1685S\PLC1\LincolnPS\LincolnPSGlobal.typ
C:\projects\MIG\MIG_26Sept2025K\MIG1\Temp\Objects\X20CP1685S\PLC1\MainProc\MainProcGlobal.var
C:\projects\MIG\MIG_26Sept2025K\MIG1\Temp\Objects\X20CP1685S\PLC1\MainProc\MainProcGlobal.typ
C:\projects\MIG\MIG_26Sept2025K\MIG1\Temp\Objects\X20CP1685S\PLC1\Master\MasterGlobal.var
C:\projects\MIG\MIG_26Sept2025K\MIG1\Temp\Objects\X20CP1685S\PLC1\Master\MasterGlobal.typ
C:\projects\MIG\MIG_26Sept2025K\MIG1\Temp\Objects\X20CP1685S\PLC1\LocalJog\LocalJogGlobal.var
C:\projects\MIG\MIG_26Sept2025K\MIG1\Temp\Objects\X20CP1685S\PLC1\LocalJog\LocalJogGlobal.typ
C:\projects\MIG\MIG_26Sept2025K\MIG1\Temp\Objects\X20CP1685S\PLC1\HMI_Report\HMI_ReportGlobal.var
C:\projects\MIG\MIG_26Sept2025K\MIG1\Temp\Objects\X20CP1685S\PLC1\HMI_Report\HMI_ReportGlobal.typ
C:\projects\MIG\MIG_26Sept2025K\MIG1\Temp\Objects\X20CP1685S\PLC1\HMI\HMIGlobal.var
C:\projects\MIG\MIG_26Sept2025K\MIG1\Temp\Objects\X20CP1685S\PLC1\HMI\HMIGlobal.typ
C:\projects\MIG\MIG_26Sept2025K\MIG1\Temp\Objects\X20CP1685S\PLC1\Program\ProgramGlobal.var
C:\projects\MIG\MIG_26Sept2025K\MIG1\Temp\Objects\X20CP1685S\PLC1\Program\ProgramGlobal.typ
C:\projects\MIG\MIG_26Sept2025K\MIG1\Temp\Objects\X20CP1685S\PLC1\TcpCam\TcpCamGlobal.var
C:\projects\MIG\MIG_26Sept2025K\MIG1\Temp\Objects\X20CP1685S\PLC1\TcpCam\TcpCamGlobal.typ
C:\projects\MIG\MIG_26Sept2025K\MIG1\Temp\Objects\X20CP1685S\PLC1\UDP\UDPGlobal.var
C:\projects\MIG\MIG_26Sept2025K\MIG1\Temp\Objects\X20CP1685S\PLC1\UDP\UDPGlobal.typ
