<?xml version="1.0" encoding="utf-8"?>
<?AutomationStudio Version=3.0?>
<Transfer xmlns="http://br-automation.co.at/AS/Transfer">
  <OperatingSystem Version="E4.53"/>
  <Hardware Target="SG4"/>
  <Operation Delete="HMI.br"/>
  <Operation Delete="Master.br"/>
  <Operation Delete="MainProc.br"/>
  <Operation Delete="TML_srv.br"/>
  <Operation Delete="UDP_Client.br"/>
  <Operation Delete="LincolnPS.br"/>
  <Operation Delete="ESAB.br"/>
  <Operation Delete="Visu.br"/>
  <Operation Delete="AsMbTCP.br"/>
  <Operation Delete="AsMbTCPS.br"/>
  <Operation Delete="LoopConR.br"/>
  <Operation Delete="AsHydCon.br"/>
  <Operation Delete="AsTCP.br"/>
  <Operation Delete="dvframe.br"/>
  <Operation Delete="vcctrend.br"/>
  <Operation Delete="vcpkat.br"/>
  <Operation Delete="visvc.br"/>
  <Operation Delete="vcclbox.br"/>
  <Operation Delete="vccline.br"/>
  <Operation Delete="vccdt.br"/>
  <Operation Delete="vccddbox.br"/>
  <Operation Delete="vccstr.br"/>
  <Operation Delete="vccnum.br"/>
  <Operation Delete="vccpwd.br"/>
  <Operation Delete="vcdsint.br"/>
  <Operation Delete="vcbclass.br"/>
  <Operation Delete="vccbtn.br"/>
  <Operation Delete="vcpdvnc.br"/>
  <Operation Delete="vcalarm.br"/>
  <Operation Delete="vccovl.br"/>
  <Operation Delete="vcfntttf.br"/>
  <Operation Delete="vcdsloc.br"/>
  <Operation Delete="vcchspot.br"/>
  <Operation Delete="vcmgr.br"/>
  <Operation Delete="vccbmp.br"/>
  <Operation Delete="vccshape.br"/>
  <Operation Delete="vcpdsw.br"/>
  <Operation Delete="vcfile.br"/>
  <Operation Delete="vccslider.br"/>
  <Operation Delete="vctcal.br"/>
  <Operation Delete="vcctext.br"/>
  <Operation Delete="vcrt.br"/>
  <Operation Delete="vcpfgen.br"/>
  <Operation Delete="FileUser.br"/>
  <Operation Delete="XMLp_Lib.br"/>
  <Operation Delete="AsUDP.br"/>
  <Operation Delete="astime.br"/>
  <Operation Delete="vcshared.br"/>
  <Operation Delete="arialbd.br"/>
  <Operation Delete="arial.br"/>
  <Operation Delete="arialbi.br"/>
  <Operation Delete="verabd.br"/>
  <Operation Delete="Visu03.br"/>
  <Operation Delete="Visu02.br"/>
  <Operation Delete="Visu01.br"/>
  <Operation Delete="sys_lib.br"/>
  <Operation Delete="brsystem.br"/>
  <Operation Delete="vccpopup.br"/>
  <Operation Delete="vcnet.br"/>
  <Operation Delete="vcgclass.br"/>
  <Operation Delete="FileIO.br"/>
  <Operation Delete="DataObj.br"/>
  <Operation Download="ashwd.br" Memory="SystemROM"/>
  <Operation Download="asfw.br" Memory="SystemROM"/>
  <Operation Download="arconfig.br" Memory="SystemROM"/>
  <Operation Download="sysconf.br" Memory="SystemROM"/>
  <Operation Restart="warm"/>
  <Operation Download="udbdef.br" Memory="UserROM"/>
  <Operation Download="TCData.br" Memory="SystemROM"/>
  <Operation Download="iomap.br" Memory="UserROM"/>
  <Operation Download="Role.br" Memory="UserROM"/>
  <Operation Download="ashwac.br" Memory="UserROM"/>
  <Operation Download="User.br" Memory="UserROM"/>
  <Operation Download="AsXml.br" Memory="UserROM"/>
  <Operation Download="runtime.br" Memory="UserROM"/>
  <Operation Download="ETHERNET.br" Memory="UserROM"/>
  <Operation Download="standard.br" Memory="UserROM"/>
  <Operation Download="asstring.br" Memory="UserROM"/>
  <Operation Download="AsIOTime.br" Memory="UserROM"/>
  <Operation Download="vcresman.br" Memory="UserROM"/>
  <Operation Download="visapi.br" Memory="UserROM"/>
  <Operation Download="DataObj.br" Memory="UserROM"/>
  <Operation Download="FileIO.br" Memory="UserROM"/>
  <Operation Download="vcgclass.br" Memory="UserROM"/>
  <Operation Download="vcnet.br" Memory="UserROM"/>
  <Operation Download="vccpopup.br" Memory="UserROM"/>
  <Operation Download="brsystem.br" Memory="UserROM"/>
  <Operation Download="sys_lib.br" Memory="UserROM"/>
  <Operation Download="Visu01.br" Memory="UserROM"/>
  <Operation Download="Visu02.br" Memory="UserROM"/>
  <Operation Download="Visu03.br" Memory="UserROM"/>
  <Operation Download="verabd.br" Memory="UserROM"/>
  <Operation Download="arialbi.br" Memory="UserROM"/>
  <Operation Download="arial.br" Memory="UserROM"/>
  <Operation Download="arialbd.br" Memory="UserROM"/>
  <Operation Download="vcshared.br" Memory="UserROM"/>
  <Operation Download="astime.br" Memory="UserROM"/>
  <Operation Download="AsUDP.br" Memory="UserROM"/>
  <Operation Download="XMLp_Lib.br" Memory="UserROM"/>
  <Operation Download="FileUser.br" Memory="UserROM"/>
  <Operation Download="vcpfgen.br" Memory="UserROM"/>
  <Operation Download="vcrt.br" Memory="UserROM"/>
  <Operation Download="vcctext.br" Memory="UserROM"/>
  <Operation Download="vctcal.br" Memory="UserROM"/>
  <Operation Download="vccslider.br" Memory="UserROM"/>
  <Operation Download="vcfile.br" Memory="UserROM"/>
  <Operation Download="vcpdsw.br" Memory="UserROM"/>
  <Operation Download="vccshape.br" Memory="UserROM"/>
  <Operation Download="vccbmp.br" Memory="UserROM"/>
  <Operation Download="vcmgr.br" Memory="UserROM"/>
  <Operation Download="vcchspot.br" Memory="UserROM"/>
  <Operation Download="vcdsloc.br" Memory="UserROM"/>
  <Operation Download="vcfntttf.br" Memory="UserROM"/>
  <Operation Download="vccovl.br" Memory="UserROM"/>
  <Operation Download="vcalarm.br" Memory="UserROM"/>
  <Operation Download="vcpdvnc.br" Memory="UserROM"/>
  <Operation Download="vccbtn.br" Memory="UserROM"/>
  <Operation Download="vcbclass.br" Memory="UserROM"/>
  <Operation Download="vcdsint.br" Memory="UserROM"/>
  <Operation Download="vccpwd.br" Memory="UserROM"/>
  <Operation Download="vccnum.br" Memory="UserROM"/>
  <Operation Download="vccstr.br" Memory="UserROM"/>
  <Operation Download="vccddbox.br" Memory="UserROM"/>
  <Operation Download="vccdt.br" Memory="UserROM"/>
  <Operation Download="vccline.br" Memory="UserROM"/>
  <Operation Download="vcclbox.br" Memory="UserROM"/>
  <Operation Download="visvc.br" Memory="UserROM"/>
  <Operation Download="vcpkat.br" Memory="UserROM"/>
  <Operation Download="vcctrend.br" Memory="UserROM"/>
  <Operation Download="dvframe.br" Memory="UserROM"/>
  <Operation Download="AsTCP.br" Memory="UserROM"/>
  <Operation Download="AsHydCon.br" Memory="UserROM"/>
  <Operation Download="LoopConR.br" Memory="UserROM"/>
  <Operation Download="AsMbTCPS.br" Memory="UserROM"/>
  <Operation Download="AsMbTCP.br" Memory="UserROM"/>
  <Operation Download="Visu.br" Memory="UserROM"/>
  <Operation Download="ESAB.br" Memory="UserROM"/>
  <Operation Download="LincolnPS.br" Memory="UserROM"/>
  <Operation Download="UDP_Client.br" Memory="UserROM"/>
  <Operation Download="TML_srv.br" Memory="UserROM"/>
  <Operation Download="MainProc.br" Memory="UserROM"/>
  <Operation Download="Master.br" Memory="UserROM"/>
  <Operation Download="HMI.br" Memory="UserROM"/>
</Transfer>